========================================
STARTING EHS SYSTEM END-TO-END TEST
========================================

--- Phase 1: Authentication ---
[PASS] Admin Login
[PASS] POST /auth/login failed as expected with 401

--- Phase 1 & 3: User Management & Security ---
[PASS] Created Manager: manager_1768630614174
[PASS] Manager Login
[PASS] POST /users failed as expected with 403

--- Phase 1: Project Management ---
[PASS] Created Project: Test Project 1768630615174

--- Phase 2: Data Integrity & Validation ---
[PASS] POST /reports/daily failed as expected with 400
[PASS] POST /reports/daily failed as expected with 400
[PASS] Valid Daily Report Created: 2
[PASS] POST /reports/daily failed as expected with 409
node : 
At line:1 char:1
+ node scripts/e2e_test.js > test_output.txt 2>&1
+ ~~~~~~~~~~~~~~~~~~~~~~~~~~~~~~~~~~~~~~~~~~~~~~~
    + CategoryInfo          : NotSpecified: (:String) [], Remote 
   Exception
    + FullyQualifiedErrorId : NativeCommandError
 
TEST FAILED: POST /reports/monthly failed: 500 Internal Server 
Error - {"message":"Server error"}
